{
    "a": {
        "b": "hello",
        "c": {
            "d": "good",
            "e": "in the sky"
        }
    },
    "more": "here",
    "key": "value"
}